select * from "blocks" where "" = ? order by "height" desc