select * from "blocks" where "id" >= ? order by "height" desc