select * from "blocks" where "id"::text like ? order by "height" desc