select * from "blocks" where ("attributes"->'delegate'->>'voteBalance')::int::text like ? order by "height" desc