select * from "blocks" where "id"::text ilike ? order by "height" desc