select * from "blocks" where ("attributes"->'delegate'->>'voteBalance')::int::text ilike ? order by "height" desc