select * from "blocks" where ""::text ilike ? order by "height" desc