select * from "blocks" where ""::text like ? order by "height" desc