select * from "blocks" where ("attributes"->'delegate'->>'voteBalance')::int != ? order by "height" desc